vm-beyondphys

1.
 procs -----------memory---------- ---swap-- -----io---- -system-- ------cpu-----
 r  b   交换   空闲     缓冲   缓存   si   so    bi    bo   in   cs us sy id wa st
 0  0      0 5110756   2436 434512    0    0     0     0 1109 3640  0  1 99  0  0
 1  0      0 5111064   2452 434496    0    0    20    32  144  755  0  0 99  0  0
 1  0      0 5110568   2452 434532    0    0     0     0 1243 3804  6  0 93  0  0
 3  0      0 5110568   2452 434532    0    0     0     4   75  608  6  0 94  0  0
 2  0      0 5110032   2452 434532    0    0     0     0 1233 3830  6  0 93  0  0
 1  0      0 5110064   2452 434532    0    0     0     0  108  638  6  0 94  0  0
 1  0      0 5111228   2452 434532    0    0     0     0 1234 3797  6  0 93  0  0
 1  0      0 5110832   2460 434524    0    0     0    12  128  688  6  0 94  0  0
 1  0      0 5110832   2460 434532    0    0     0     0 1206 3726  6  0 93  0  0
 1  0      0 5110828   2460 434532    0    0     0     0  122  650  6  0 94  0  0
 1  0      0 5110832   2460 434532    0    0     0     0 1212 3740  6  0 93  0  0
 1  0      0 5110268   2460 434532    0    0     0     0  128  655  6  0 94  0  0
 1  0      0 5112248   2468 434532    0    0     0    12 1246 3776  7  0 93  0  0

id 从 100 或 99 下降至 93-95
由于进程实际上连续运行, us 列无意义

 procs -----------memory---------- ---swap-- -----io---- -system-- ------cpu-----
 r  b   交换   空闲     缓冲   缓存   si   so    bi    bo   in   cs us sy id wa st
 2  0      0 5070860   1556 432760    0    0     0     0  212  691 12  1 87  0  0
 3  0      0 5070084   1564 432760    0    0     0    36  631 1841 12  1 86  0  0
 2  0      0 5069604   1564 432760    0    0     0     0  933 2797 13  0 87  0  0
 3  0      0 5069868   1564 432768    0    0     0     0  210  681 13  1 86  0  0
 3  0      0 5069380   1564 432760    0    0     0     0 1410 4005 19  1 81  0  0
 3  0      0 5069380   1564 432760    0    0     0    24  222  722 19  0 81  0  0
 3  0      0 5070664   1572 432768    0    0     0    12 1403 3950 19  0 81  0  0
 3  0      0 5068392   1572 432768    0    0     0     0  234  736 19  0 81  0  0
 3  0      0 5069212   1572 432776    0    0     0     0 1380 3940 19  0 81  0  0
 3  0      0 5069212   1572 432776    0    0     0     0  210  684 19  0 81  0  0
 3  0      0 5069220   1572 432784    0    0     0     0 1408 4007 19  1 81  0  0
 3  0      0 5068976   1580 432784    0    0     0    12  219  698 19  0 81  0  0
 3  0      0 5069476   1580 432776    0    0     0     0 1387 3977 19  0 81  0  0
 4  0      0 5070500   1580 432776    0    0     0     0  209  683 19  1 81  0  0
 3  0      0 5069488   1580 432776    0    0     0     0 1401 3988 19  0 81  0  0
 3  0      0 5069492   1580 432776    0    0     0     0  218  712 19  0 81  0  0

 启动 3 个进程, id 约为 81, us 升高

2.

 procs -----------memory---------- ---swap-- -----io---- -system-- ------cpu-----
 r  b   交换   空闲     缓冲   缓存   si   so    bi    bo   in   cs us sy id wa st
 0  0      0 5081624   2760 438644    0    0    60    19   50  166  1  0 99  0  0
 0  0      0 5081128   2768 438636    0    0     0    36 1030 3634  0  1 99  0  0
 0  0      0 5080624   2768 438636    0    0     0    24   94  649  0  0 100  0  0
 0  0      0 5080840   2768 438644    0    0     0     0 1186 3734  0  1 99  0  0
 0  0      0 5080832   2768 438644    0    0     0     0   80  641  0  0 100  0  0
 0  0      0 5080352   2768 438644    0    0     0     0 1186 3758  0  1 99  0  0
 0  0      0 5079352   2776 438636    0    0     0    12   75  607  0  0 100  0  0
 1  0      0 4030820   2776 438644    0    0     0     0 1208 3745  3  3 95  0  0
 1  0      0 4029028   2776 438644    0    0     0     0  130  649  6  0 93  0  0
 1  0      0 4029304   2776 438644    0    0     0     0 1210 3696  7  0 93  0  0
 1  0      0 4029304   2776 438644    0    0     0     0  102  632  6  0 94  0  0
 1  0      0 4030756   2784 438644    0    0     0    12 1243 3754  7  0 93  0  0
 1  0      0 4030820   2784 438644    0    0     0     0  122  646  6  0 93  0  0
 1  0      0 4032836   2784 438644    0    0     0     0 1090 3639  6  1 93  0  0
 1  0      0 4032584   2784 438644    0    0     0     0  113  647  6  0 93  0  0
 1  0      0 4031512   2784 438644    0    0     0     0 1040 3581  7  1 92  0  0
 1  0      0 4031576   2792 438644    0    0     0    12  133  668  6  0 94  0  0
 1  0      0 5082716   2792 438644    0    0     0     0  342 1202  2  1 97  0  0
 0  0      0 5081460   2792 438644    0    0     0     0 1108 3550  0  0 99  0  0
 0  0      0 5079436   2792 438644    0    0     0     0   96  677  0  0 99  0  0
 0  0      0 5080716   2792 438644    0    0     0     0 1154 3669  0  0 100  0  0
 0  0      0 5080740   2800 438636    0    0     0    36  101  653  0  0 100  0  0
 0  0      0 5080972   2800 438636    0    0     0     0 1174 3736  0  0 99  0  0
 0  0      0 5082452   2800 438644    0    0     0    24  100  660  0  0 99  0  0
 0  0      0 5082680   2800 438644    0    0     0     0 1174 3708  0  0 99  0  0
 1  0      0 5082328   2800 438644    0    0     0     0   69  603  0  0 100  0  0
 0  0      0 5082340   2808 438636    0    0     0    12 1201 3738  0  1 99  0  0
 0  0      0 5082340   2808 438644    0    0     0     0   91  643  0  0 100  0  0
 0  0      0 5082272   2808 438620    0    0     0     0 1374 4126  0  0 99  0  0

运行 mem 后, free 列从 5079352 下降至 4029028, 结束运行后又回到 5082716, 可用内存量按预期增加

3.

$ cat /proc/meminfo
MemTotal:        8030556 kB
MemFree:         5166836 kB
MemAvailable:    5323988 kB
Buffers:            1820 kB
Cached:           323524 kB
SwapCached:            0 kB
Active:            95276 kB
Inactive:        2266800 kB
Active(anon):       2204 kB
Inactive(anon):  2040216 kB
Active(file):      93072 kB
Inactive(file):   226584 kB
Unevictable:           0 kB
Mlocked:               0 kB
SwapTotal:       2097152 kB
SwapFree:        2097152 kB
Dirty:                12 kB
Writeback:             0 kB
AnonPages:       1888908 kB
Mapped:           314724 kB
Shmem:              5616 kB
KReclaimable:     106796 kB
Slab:             187076 kB
SReclaimable:     106796 kB
SUnreclaim:        80280 kB
KernelStack:        8608 kB
PageTables:        26780 kB
NFS_Unstable:          0 kB
Bounce:                0 kB
WritebackTmp:          0 kB
CommitLimit:     6112428 kB
Committed_AS:    3147372 kB
VmallocTotal:   34359738367 kB
VmallocUsed:       30792 kB
VmallocChunk:          0 kB
Percpu:             8640 kB
AnonHugePages:    854016 kB
ShmemHugePages:        0 kB
ShmemPmdMapped:        0 kB
FileHugePages:         0 kB
FilePmdMapped:         0 kB
HugePages_Total:       0
HugePages_Free:        0
HugePages_Rsvd:        0
HugePages_Surp:        0
Hugepagesize:       2048 kB
Hugetlb:               0 kB
DirectMap4k:      107520 kB
DirectMap2M:     6078464 kB
DirectMap1G:    11534336 kB

$ ./ mem 4000
allocating 4194304000 bytes (4000.00 MB)
  number of integers in array: 1048576000
loop 0 in 1652.38 ms (bandwidth: 2420.75 MB/s)
loop 1 in 577.00 ms (bandwidth: 6932.44 MB/s)
loop 2 in 521.53 ms (bandwidth: 7669.73 MB/s)
loop 3 in 585.52 ms (bandwidth: 6831.56 MB/s)
loop 4 in 582.98 ms (bandwidth: 6861.32 MB/s)
loop 5 in 504.54 ms (bandwidth: 7927.95 MB/s)
loop 6 in 511.26 ms (bandwidth: 7823.84 MB/s)
loop 7 in 541.13 ms (bandwidth: 7391.88 MB/s)
loop 8 in 513.42 ms (bandwidth: 7790.89 MB/s)
loop 9 in 505.39 ms (bandwidth: 7914.68 MB/s)
loop 10 in 509.15 ms (bandwidth: 7856.17 MB/s)

 procs -----------memory---------- ---swap-- -----io---- -system-- ------cpu-----
 r  b   交换   空闲     缓冲   缓存   si   so    bi    bo   in   cs us sy id wa st
 1  0      0 3329916   2692 439756    0    0    20     4  141  721  1  4 95  0  0
 1  0      0 1052124   2692 439756    0    0     0     0 1224 3775  2  6 92  0  0
 1  0      0 1051620   2700 439756    0    0     0    24  101  664  6  0 93  1  0
 1  0      0 1051376   2700 439756    0    0     0     0 1231 3778  7  1 92  0  0
 1  0      0 1051376   2700 439756    0    0     0     0  120  657  6  0 93  0  0
 1  0      0 1052140   2700 439756    0    0     0     0 1247 3831  6  1 92  0  0
 1  0      0 1052132   2700 439756    0    0     0     0  106  658  6  1 93  0  0
 1  0      0 1052120   2708 439756    0    0     0    12 1233 3782  7  1 92  0  0

swap 没有产生非零值

$ ./mem 5000
allocating 5242880000 bytes (5000.00 MB)
  number of integers in array: 1310720000
loop 0 in 2452.91 ms (bandwidth: 2038.40 MB/s)
loop 1 in 728.60 ms (bandwidth: 6862.45 MB/s)
loop 2 in 663.81 ms (bandwidth: 7532.23 MB/s)
loop 3 in 664.06 ms (bandwidth: 7529.40 MB/s)
loop 4 in 684.11 ms (bandwidth: 7308.76 MB/s)
loop 5 in 671.52 ms (bandwidth: 7445.75 MB/s)
loop 6 in 633.67 ms (bandwidth: 7890.56 MB/s)
loop 7 in 635.97 ms (bandwidth: 7862.05 MB/s)
loop 8 in 668.46 ms (bandwidth: 7479.85 MB/s)
loop 9 in 645.83 ms (bandwidth: 7741.92 MB/s)
loop 10 in 640.94 ms (bandwidth: 7800.98 MB/s)

 procs -----------memory---------- ---swap-- -----io---- -system-- ------cpu-----
 r  b   交换   空闲     缓冲   缓存   si   so    bi    bo   in   cs us sy id wa st
 0  0      0 5114340   1724 432160    0    0     0    96 1176 3721  0  1 99  0  0
 1  0      0 2436912   1724 432160    0    0    20     0  133  689  2  3 95  0  0
 2  0      0 144208   1688 395860    0    0     0     0 1248 3796  2  6 93  0  0
 1  0   4644 132608   2816 310616    0 4164  1128  4164  267  920  2  6 92  0  0
 2  0   4644 127836   3708 310372    0    0  1112     0 1238 3707  6  1 93  0  0
 1  0   4644 125828   3728 310984    0    0   160    12  185 1000  6  1 93  0  0
 1  0   4644 124824   3728 310984    0    0     0     0  100  633  6  0 93  0  0
 1  0   4644 122808   3728 310984    0    0     0     0 1216 3728  6  1 93  0  0
 1  0   4644 122556   3728 310984    0    0     0     0   89  592  6  0 93  0  0
 1  0   4644 121312   3728 310984    0    0     0     0 1206 3798  6  2 92  0  0
 1  0   4644 119076   3736 310984    0    0     0    12  128  712  7  0 93  0  0
 1  0   4644 117052   3736 310984    0    0     0     0 1212 3759  7  1 92  0  0
 1  0   4644 144108   3736 308492    0   32     0    32  133  721  6  0 93  0  0
 1  0   4644 159752   3736 308492    0    0     0     0 1418 4194  7  1 93  0  0
 1  0   4644 159500   3736 308492    0    0     0     0  121  637  6  0 93  0  0
 1  0   4644 156984   3744 308492    0    0     0    12 1220 3768  7  1 92  0  0

swap 产生非零值

$ ./mem 6000
allocating 6291456000 bytes (6000.00 MB)
  number of integers in array: 1572864000
loop 0 in 5958.11 ms (bandwidth: 1007.03 MB/s)
loop 1 in 2235.93 ms (bandwidth: 2683.44 MB/s)
loop 2 in 787.34 ms (bandwidth: 7620.63 MB/s)
loop 3 in 910.74 ms (bandwidth: 6588.07 MB/s)
loop 4 in 912.67 ms (bandwidth: 6574.12 MB/s)
loop 5 in 873.08 ms (bandwidth: 6872.22 MB/s)
loop 6 in 917.43 ms (bandwidth: 6540.04 MB/s)
loop 7 in 982.76 ms (bandwidth: 6105.28 MB/s)
loop 8 in 853.46 ms (bandwidth: 7030.20 MB/s)
loop 9 in 807.17 ms (bandwidth: 7433.40 MB/s)
loop 10 in 781.45 ms (bandwidth: 7678.06 MB/s)
loop 11 in 815.64 ms (bandwidth: 7356.18 MB/s)
loop 12 in 799.73 ms (bandwidth: 7502.50 MB/s)
loop 13 in 840.75 ms (bandwidth: 7136.52 MB/s)
loop 14 in 824.25 ms (bandwidth: 7279.38 MB/s)
loop 15 in 793.64 ms (bandwidth: 7560.07 MB/s)

 procs -----------memory---------- ---swap-- -----io---- -system-- ------cpu-----
 r  b   交换   空闲     缓冲   缓存   si   so    bi    bo   in   cs us sy id wa st
 1  0   4644 5268788   1092 305016    0    0    52     0  107  671  0  0 100  0  0
 1  0   4644 1763008   1092 305036    0    0     0     0 1245 3793  2  5 93  0  0
 1  0  66188 112968   1088 284724    0 61236     0 61236  119  687  1  5 92  2  0
 1  0 272444 108452   1100 224928    0 206172   124 206184 1306 4080  1  7 90  2  0
 2  0 665380 157876   1096 178032    0 392176     0 392176  260 1038  0  7 89  4  0
 1  0 678008 121252   1096 154876   28 12668   224 12668 1284 3911  1  8 91  0  0
 1  0 1227460 147480   1096 127808   44 548924   604 548924  308 1196  0  8 89  3  0
 1  0 1227460 142296   1096 127568   24    0    24     0 1206 3653  6  1 93  0  0
 1  0 1227460 159116   1104 127568    8    0     8    12  119  714  6  0 93  0  0
 1  0 1227460 153716   1104 127568   36    0    36     0 1251 3769  7  2 92  0  0
 1  0 1227460 149940   1104 128952   20    0  1892     0  207  801  6  0 93  0  0
 1  0 1227204 147676   1104 129440   64    0    64     0 1261 3803  6  1 92  0  0
 1  0 1227204 147676   1104 129440    0    0     0     0   83  607  6  0 94  0  0
 1  0 1226180 143892   1112 130500  272    0  1332    12 1284 3871  7  1 92  0  0
 1  0 1225924 143648   1112 130700   84    0   284     0  121  685  7  0 93  0  0

swap 产生非零值

在第一次循环后的循环速度变快

$ ./mem 5000 交换出 4164 + 32 = 4196 B 的内存

$ ./mem 6000 交换出 61236 + 206172 + 392176 + 12668 + 548924 = 1221176 B
             交换入 28 + 44 + 24 + 36 + 20 + 64 + 272 + 84 = 532 B 的内存
             共计 1221176 + 532 = 1221708 B 的内存

4.

mem 运行后, id下降, 当进行 swap 交换时也产生较大的 IO 交换

5.

$ ./mem 4000
allocating 4194304000 bytes (4000.00 MB)
  number of integers in array: 1048576000
loop 0 in 1239.12 ms (bandwidth: 3228.10 MB/s)
loop 1 in 835.52 ms (bandwidth: 4787.43 MB/s)
loop 2 in 744.51 ms (bandwidth: 5372.65 MB/s)
loop 3 in 725.01 ms (bandwidth: 5517.14 MB/s)
loop 4 in 518.90 ms (bandwidth: 7708.54 MB/s)
loop 5 in 538.55 ms (bandwidth: 7427.32 MB/s)
loop 6 in 534.52 ms (bandwidth: 7483.29 MB/s)
loop 7 in 547.55 ms (bandwidth: 7305.23 MB/s)
loop 8 in 502.48 ms (bandwidth: 7960.56 MB/s)
loop 9 in 498.86 ms (bandwidth: 8018.33 MB/s)
loop 10 in 511.88 ms (bandwidth: 7814.32 MB/s)
loop 11 in 524.21 ms (bandwidth: 7630.48 MB/s)

./mem 7000
allocating 7340032000 bytes (7000.00 MB)
  number of integers in array: 1835008000
loop 0 in 2615.19 ms (bandwidth: 2676.67 MB/s)
loop 1 in 69594.86 ms (bandwidth: 100.58 MB/s)
loop 2 in 13495.86 ms (bandwidth: 518.68 MB/s)
loop 3 in 1073.62 ms (bandwidth: 6520.02 MB/s)
loop 4 in 880.63 ms (bandwidth: 7948.83 MB/s)
loop 5 in 918.70 ms (bandwidth: 7619.48 MB/s)
loop 6 in 877.20 ms (bandwidth: 7979.95 MB/s)
loop 7 in 881.95 ms (bandwidth: 7936.93 MB/s)
loop 8 in 919.19 ms (bandwidth: 7615.41 MB/s)
loop 9 in 882.38 ms (bandwidth: 7933.11 MB/s)
loop 10 in 935.91 ms (bandwidth: 7479.33 MB/s)
loop 11 in 873.01 ms (bandwidth: 8018.25 MB/s)
loop 12 in 911.60 ms (bandwidth: 7678.79 MB/s)
loop 13 in 920.63 ms (bandwidth: 7603.50 MB/s)
loop 14 in 899.12 ms (bandwidth: 7785.38 MB/s)
loop 15 in 939.73 ms (bandwidth: 7448.96 MB/s)

更高的数字将直接导致崩溃

$ ./mem 2000
allocating 2097152000 bytes (2000.00 MB)
  number of integers in array: 524288000
loop 0 in 495.84 ms (bandwidth: 4033.60 MB/s)
loop 1 in 255.30 ms (bandwidth: 7833.92 MB/s)
loop 2 in 259.77 ms (bandwidth: 7699.14 MB/s)
loop 3 in 258.47 ms (bandwidth: 7737.81 MB/s)
loop 4 in 264.49 ms (bandwidth: 7561.70 MB/s)
loop 5 in 259.15 ms (bandwidth: 7717.45 MB/s)
loop 6 in 290.69 ms (bandwidth: 6880.27 MB/s)
loop 7 in 259.08 ms (bandwidth: 7719.48 MB/s)
loop 8 in 256.28 ms (bandwidth: 7803.87 MB/s)
loop 9 in 257.98 ms (bandwidth: 7752.63 MB/s)
loop 10 in 255.15 ms (bandwidth: 7838.68 MB/s)
loop 11 in 254.61 ms (bandwidth: 7855.18 MB/s)
loop 12 in 261.60 ms (bandwidth: 7645.41 MB/s)

对于所有情况, 第一次循环都小于后续的稳定下来的, 对于要求的空间很大的情况, 第二次和第三次的循环很慢, 但后续的循环速度会稳定下来

6.

$ swapon -s
Filename                                Type            Size            Used            Priority
/dev/sdb                                partition       2097152         1322020         -2

运行 mem 的参数过大时 (大概为 8000), 会导致程序被 kill 或者直接崩溃
